================================================================================
Training exp0_baseline: /root/miniconda3/bin/python /root/kcsj/experiments/run_exp.py /root/kcsj/experiments/exp0_baseline --epochs 150 --data /root/kcsj/data_aug.yaml
WARNING ⚠️ no model scale passed. Assuming scale='n'.
Transferred 355/355 items from pretrained weights
New https://pypi.org/project/ultralytics/8.4.72 available 😃 Update with 'pip install -U ultralytics'
Ultralytics YOLOv8.2.8 🚀 Python-3.12.3 torch-2.5.1+cu121 CUDA:0 (NVIDIA GeForce RTX 4090 D, 24083MiB)
[34m[1mengine/trainer: [0mtask=detect, mode=train, model=/root/kcsj/experiments/exp0_baseline/model.yaml, data=/root/kcsj/data_aug.yaml, epochs=150, time=None, patience=100, batch=64, imgsz=640, save=True, save_period=-1, cache=False, device=0, workers=4, project=/root/kcsj/runs/detect, name=exp0_baseline_gpu_20260621_052937, exist_ok=False, pretrained=True, optimizer=auto, verbose=True, seed=0, deterministic=True, single_cls=False, rect=False, cos_lr=False, close_mosaic=10, resume=False, amp=True, fraction=1.0, profile=False, freeze=None, multi_scale=False, overlap_mask=True, mask_ratio=4, dropout=0.0, val=True, split=val, save_json=False, save_hybrid=False, conf=None, iou=0.7, max_det=300, half=False, dnn=False, plots=False, source=None, vid_stride=1, stream_buffer=False, visualize=False, augment=False, agnostic_nms=False, classes=None, retina_masks=False, embed=None, show=False, save_frames=False, save_txt=False, save_conf=False, save_crop=False, show_labels=True, show_conf=True, show_boxes=True, line_width=None, format=torchscript, keras=False, optimize=False, int8=False, dynamic=False, simplify=False, opset=None, workspace=4, nms=False, lr0=0.01, lrf=0.01, momentum=0.937, weight_decay=0.0005, warmup_epochs=3.0, warmup_momentum=0.8, warmup_bias_lr=0.1, box=7.5, cls=0.5, dfl=1.5, pose=12.0, kobj=1.0, label_smoothing=0.0, nbs=64, hsv_h=0.015, hsv_s=0.7, hsv_v=0.4, degrees=0.0, translate=0.1, scale=0.5, shear=0.0, perspective=0.0, flipud=0.0, fliplr=0.5, bgr=0.0, mosaic=1.0, mixup=0.0, copy_paste=0.0, auto_augment=randaugment, erasing=0.4, crop_fraction=1.0, cfg=None, tracker=botsort.yaml, save_dir=/root/kcsj/runs/detect/exp0_baseline_gpu_20260621_052937
Traceback (most recent call last):
  File "/root/kcsj/ultralytics/ultralytics/engine/trainer.py", line 517, in get_dataset
    data = check_det_dataset(self.args.data)
           ^^^^^^^^^^^^^^^^^^^^^^^^^^^^^^^^^
  File "/root/kcsj/ultralytics/ultralytics/data/utils.py", line 329, in check_det_dataset
    raise FileNotFoundError(m)
FileNotFoundError: 
Dataset '/root/kcsj/data_aug.yaml' images not found ⚠️, missing path '/root/kcsj/datasets/datasets_aug/images/val'
Note dataset download directory is '/root/kcsj/datasets'. You can update this in '/root/.config/Ultralytics/settings.yaml'

The above exception was the direct cause of the following exception:

Traceback (most recent call last):
  File "/root/kcsj/experiments/run_exp.py", line 76, in <module>
    main()
  File "/root/kcsj/experiments/run_exp.py", line 42, in main
    model.train(
  File "/root/kcsj/ultralytics/ultralytics/engine/model.py", line 654, in train
    self.trainer = (trainer or self._smart_load("trainer"))(overrides=args, _callbacks=self.callbacks)
                   ^^^^^^^^^^^^^^^^^^^^^^^^^^^^^^^^^^^^^^^^^^^^^^^^^^^^^^^^^^^^^^^^^^^^^^^^^^^^^^^^^^^
  File "/root/kcsj/ultralytics/ultralytics/engine/trainer.py", line 130, in __init__
    self.trainset, self.testset = self.get_dataset()
                                  ^^^^^^^^^^^^^^^^^^
  File "/root/kcsj/ultralytics/ultralytics/engine/trainer.py", line 521, in get_dataset
    raise RuntimeError(emojis(f"Dataset '{clean_url(self.args.data)}' error ❌ {e}")) from e
RuntimeError: Dataset '/root/kcsj/data_aug.yaml' error ❌ 
Dataset '/root/kcsj/data_aug.yaml' images not found ⚠️, missing path '/root/kcsj/datasets/datasets_aug/images/val'
Note dataset download directory is '/root/kcsj/datasets'. You can update this in '/root/.config/Ultralytics/settings.yaml'
FAILED: exp0_baseline
